56:0
24:1
20:10
53:10
19:11
18:12
44:12
17:13
43:13
16:14
42:14
41:15
40:16
13:2
21:2
12:3
48:3
11:4
37:4
45:4
10:5
36:5
35:6
9:6
34:7
8:7
33:8
55:8
32:9
54:9
