22:0
19:1
8:10
18:2
17:3
14:4
13:5
12:6
11:7
10:8
9:9
